A
Here
Is
Memory
Read
Reference
a
alias
allocated
at
be
because
between
bound
brief
cannot
constant
correct
defined
defini
definition
description
differences
for
hence
however
i
implemented
initialized
is
it
learned
lot
made
memory
name
necessary
no
not
object
of
other
point
pointer
pointers
reference
references
the
time
to
what
when
with
