with
when
what
to
time
the
references
reference
Read
pointers
pointer
point
other
of
object
not
no
necessary
name
memory
made
lot
learned
it
Is
initialized
implemented
i
however
Here
hence
for
differences
description
definition
defini
defined
correct
constant
cannot
brief
bound
between
because
be
at
allocated
alias
a
